date,amount
2022-01-02,-1000000
2022-07-01,-1000000
2023-03-31,250000
2024-06-30,1500000
