metric,expected
xirr,-0.062418
tvpi,0.875000
dpi,0.125000
